# Captured output excerpts — token-metadata shape benchmark
# 2026-09-17; generated artifacts are ignored and identified by metadata-shapes.json.

$ for circuit in literal3 ledger3 runtime1 runtime2 runtime3; do /opt/compactc/zkir-v3 mock-compile "$circuit.zkir"; done
Mock compiling circuit "literal3.zkir" (k=7, rows=120)
Mock compiling circuit "ledger3.zkir" (k=12, rows=3715)
Mock compiling circuit "runtime1.zkir" (k=11, rows=1914)
Mock compiling circuit "runtime2.zkir" (k=12, rows=3789)
Mock compiling circuit "runtime3.zkir" (k=13, rows=5672)

$ cargo run --locked --offline --bin model_cost
circuit	k	rows
literal3	7	120
ledger3	12	3715
runtime1	11	1914
runtime2	12	3789
runtime3	13	5672

$ cargo test --locked --test shapes_equivalence
test result: ok. 10 passed; 0 failed; 0 ignored; 0 measured; 0 filtered out

$ cargo test --locked --test equivalence
test result: ok. 11 passed; 0 failed; 0 ignored; 0 measured; 0 filtered out

# Both suites ran in the pinned Rust Docker image. The two test commands used
# COMPACT_V3_DIR pointing to fresh keyless Compact-v3 fixture output.
