Captured command and result excerpts from the measured run.
Pinned image: aa-compactc@sha256:8f97b90cee942d479bcc7d3f26b9c193be37c71ea5bbb3857c769b7dc6a7d9fa
Compiler: 0.34.0; language: 0.26.0; runtime: 0.19.0
V2 command template: /opt/compactc/zkir mock-compile <circuit>.zkir
V3 command template: /opt/compactc/zkir-v3 mock-compile <circuit>.zkir

Compact-v2:
Mock compiling circuit "publishRaw.zkir" (k=19, rows=328671)
Mock compiling circuit "publishStandard.zkir" (k=19, rows=417350)
Mock compiling circuit "publishFixture.zkir" (k=7, rows=23)
Mock compiling circuit "calls.zkir" (k=5, rows=24)
Mock compiling circuit "publishMetadata.zkir" (k=7, rows=28)

Compact-v3:
Mock compiling circuit "publishRaw.zkir" (k=17, rows=74247)
Mock compiling circuit "publishStandard.zkir" (k=17, rows=88654)
Mock compiling circuit "publishFixture.zkir" (k=7, rows=103)
Mock compiling circuit "calls.zkir" (k=6, rows=34)
Mock compiling circuit "publishMetadata.zkir" (k=7, rows=120)

MinoCrab-v3, measured by the same v3 oracle:
Mock compiling circuit "publishRaw.zkir" (k=11, rows=1897)
Mock compiling circuit "publishStandard.zkir" (k=12, rows=3898)
Mock compiling circuit "publishFixture.zkir" (k=7, rows=103)
Mock compiling circuit "calls.zkir" (k=6, rows=34)
Mock compiling circuit "SSTAR-publishMetadata.zkir" (k=7, rows=120)

MinoCrab model cross-check:
circuit	k	rows
publishRaw	11	1897
publishStandard	12	3898
publishFixture	7	103
calls	6	34
SSTAR-publishMetadata	7	120

Focused differential test:
running 11 tests
test result: ok. 11 passed; 0 failed; 0 ignored; 0 measured; 0 filtered out
